../Core/Src/main.c:81:5:main	16	static
../Core/Src/main.c:175:6:SystemClock_Config	96	static
../Core/Src/main.c:221:6:Blink_LED	8	static
../Core/Src/main.c:228:6:Send_Reset	16	static
../Core/Src/main.c:236:6:Set_One_Color	24	static
../Core/Src/main.c:247:6:Set_LED_Queue	24	static
../Core/Src/main.c:265:6:Reset_LED_color	16	static
../Core/Src/main.c:279:6:Load_Color_Into_Buffer	24	static
../Core/Src/main.c:304:6:HAL_GPIO_EXTI_Callback	16	static
../Core/Src/main.c:322:6:Error_Handler	4	static,ignoring_inline_asm
