../Core/Src/main.c:80:5:main	16	static
../Core/Src/main.c:178:6:SystemClock_Config	96	static
../Core/Src/main.c:224:6:Blink_LED	8	static
../Core/Src/main.c:231:6:Send_Reset	16	static
../Core/Src/main.c:239:6:Set_One_Color	24	static
../Core/Src/main.c:251:6:Set_LED_Queue	24	static
../Core/Src/main.c:269:6:Reset_LED_color	16	static
../Core/Src/main.c:282:6:Load_Color_Into_Buffer	24	static
../Core/Src/main.c:307:6:HAL_GPIO_EXTI_Callback	16	static
../Core/Src/main.c:325:6:Error_Handler	4	static,ignoring_inline_asm
